Scheduler.c:41:28:PendSV_Handler	0	static,ignoring_inline_asm
Scheduler.c:106:6:MYRTOS_IdleTask	4	static,ignoring_inline_asm
Scheduler.c:125:6:MYRTOS_Create_MainStack	4	static
Scheduler.c:135:16:MYRTOS_init	16	static
Scheduler.c:164:6:MyRTOS_Create_TaskStack	24	static
Scheduler.c:201:16:MYRTOS_CreateTask	24	static
Scheduler.c:242:6:bubbleSort	24	static
Scheduler.c:260:6:MyRTOS_Update_Schadule_tables	24	static
Scheduler.c:320:6:Decide_whatNext	8	static
Scheduler.c:343:6:OS_SVC	24	static
Scheduler.c:386:6:MYRTOS_OS_SVC_Set	16	static,ignoring_inline_asm
Scheduler.c:408:6:MYRTOS_ActivateTask	16	static
Scheduler.c:413:6:MYRTOS_TerminateTask	16	static
Scheduler.c:419:6:MYRTOS_TaskWait	16	static
Scheduler.c:428:6:MYRTOS_UpdateTasksWaiting	16	static
Scheduler.c:450:6:MYRTOS_STARTOS	8	static,ignoring_inline_asm
Scheduler.c:472:16:MYRTOS_AcquireMutex	24	static
Scheduler.c:496:6:MYRTOS_ReleaseMutex	16	static
