STM32_F103C6_EXTI_driver.c:34:6:EXTI_Init	16	static
STM32_F103C6_EXTI_driver.c:45:6:EXTI_Update	16	static
STM32_F103C6_EXTI_driver.c:56:6:EXTI_DeInit	4	static
STM32_F103C6_EXTI_driver.c:80:6:Update_EXTI	24	static
STM32_F103C6_EXTI_driver.c:149:6:Enable_NVIC	16	static
STM32_F103C6_EXTI_driver.c:198:6:Disable_NVIC	16	static
STM32_F103C6_EXTI_driver.c:241:6:EXTI0_IRQHandler	8	static
STM32_F103C6_EXTI_driver.c:251:6:EXTI1_IRQHandler	8	static
STM32_F103C6_EXTI_driver.c:260:6:EXTI2_IRQHandler	8	static
STM32_F103C6_EXTI_driver.c:269:6:EXTI3_IRQHandler	8	static
STM32_F103C6_EXTI_driver.c:278:6:EXTI4_IRQHandler	8	static
STM32_F103C6_EXTI_driver.c:287:6:EXTI9_5_IRQHandler	8	static
STM32_F103C6_EXTI_driver.c:295:6:EXTI15_10_IRQHandler	8	static
