STM32_F103C6_USART_driver.c:20:6:MCAL_UART_Init	24	static
STM32_F103C6_USART_driver.c:100:6:MCAL_UART_DeInit	16	static
STM32_F103C6_USART_driver.c:135:6:MCAL_UART_SendData	24	static
STM32_F103C6_USART_driver.c:168:6:MCAL_UART_WAIT_TC	16	static
STM32_F103C6_USART_driver.c:176:6:MCAL_UART_ReceiveData	24	static
STM32_F103C6_USART_driver.c:221:6:MCAL_UART_GPIO_Set_Pins	24	static
STM32_F103C6_USART_driver.c:335:6:USART1_IRQHandler	8	static
STM32_F103C6_USART_driver.c:340:6:USART2_IRQHandler	8	static
STM32_F103C6_USART_driver.c:345:6:USART3_IRQHandler	8	static
